Archive member included to satisfy reference by file (symbol)

c:/program files (x86)/atollic/truestudio for stm32 9.2.0/armtools/bin/../lib/gcc/arm-atollic-eabi/6.3.1/../../../../arm-atollic-eabi/lib/armv7-m\libc_nano.a(lib_a-init.o)
                              startup\startup_stm32f103xb.o (__libc_init_array)
c:/program files (x86)/atollic/truestudio for stm32 9.2.0/armtools/bin/../lib/gcc/arm-atollic-eabi/6.3.1/../../../../arm-atollic-eabi/lib/armv7-m\libc_nano.a(lib_a-memset.o)
                              Drivers\STM32F1xx_HAL_Driver\Src\stm32f1xx_hal_rcc.o (memset)
c:/program files (x86)/atollic/truestudio for stm32 9.2.0/armtools/bin/../lib/gcc/arm-atollic-eabi/6.3.1/armv7-m\libgcc.a(_lshrdi3.o)
                              Drivers\STM32F1xx_HAL_Driver\Src\stm32f1xx_hal_flash.o (__aeabi_llsr)

Allocating common symbols
Common symbol       size              file

hUsbDeviceFS        0x224             Src\usb_device.o
timers              0x4               Src\main.o
uwTick              0x4               Drivers\STM32F1xx_HAL_Driver\Src\stm32f1xx_hal.o
pFlash              0x20              Drivers\STM32F1xx_HAL_Driver\Src\stm32f1xx_hal_flash.o
UserRxBufferFS      0x3e8             Src\usbd_cdc_if.o
htim3               0x40              Src\main.o
hadc1               0x30              Src\main.o
UserTxBufferFS      0x3e8             Src\usbd_cdc_if.o
copia               0x40              Src\main.o
htim1               0x40              Src\main.o
htim2               0x40              Src\main.o
hpcd_USB_FS         0x460             Src\usbd_conf.o
USBD_StrDesc        0x200             Src\usbd_desc.o

Discarded input sections

 .text          0x00000000        0x0 c:/program files (x86)/atollic/truestudio for stm32 9.2.0/armtools/bin/../lib/gcc/arm-atollic-eabi/6.3.1/armv7-m/crti.o
 .data          0x00000000        0x0 c:/program files (x86)/atollic/truestudio for stm32 9.2.0/armtools/bin/../lib/gcc/arm-atollic-eabi/6.3.1/armv7-m/crti.o
 .bss           0x00000000        0x0 c:/program files (x86)/atollic/truestudio for stm32 9.2.0/armtools/bin/../lib/gcc/arm-atollic-eabi/6.3.1/armv7-m/crti.o
 .data          0x00000000        0x4 c:/program files (x86)/atollic/truestudio for stm32 9.2.0/armtools/bin/../lib/gcc/arm-atollic-eabi/6.3.1/armv7-m/crtbegin.o
 .text          0x00000000        0x0 Drivers\STM32F1xx_HAL_Driver\Src\stm32f1xx_hal.o
 .data          0x00000000        0x0 Drivers\STM32F1xx_HAL_Driver\Src\stm32f1xx_hal.o
 .bss           0x00000000        0x0 Drivers\STM32F1xx_HAL_Driver\Src\stm32f1xx_hal.o
 .text.HAL_MspInit
                0x00000000        0x2 Drivers\STM32F1xx_HAL_Driver\Src\stm32f1xx_hal.o
 .text.HAL_MspDeInit
                0x00000000        0x2 Drivers\STM32F1xx_HAL_Driver\Src\stm32f1xx_hal.o
 .text.HAL_DeInit
                0x00000000       0x20 Drivers\STM32F1xx_HAL_Driver\Src\stm32f1xx_hal.o
 .text.HAL_GetTickPrio
                0x00000000        0xc Drivers\STM32F1xx_HAL_Driver\Src\stm32f1xx_hal.o
 .text.HAL_SetTickFreq
                0x00000000       0x24 Drivers\STM32F1xx_HAL_Driver\Src\stm32f1xx_hal.o
 .text.HAL_GetTickFreq
                0x00000000        0xc Drivers\STM32F1xx_HAL_Driver\Src\stm32f1xx_hal.o
 .text.HAL_Delay
                0x00000000       0x24 Drivers\STM32F1xx_HAL_Driver\Src\stm32f1xx_hal.o
 .text.HAL_SuspendTick
                0x00000000       0x10 Drivers\STM32F1xx_HAL_Driver\Src\stm32f1xx_hal.o
 .text.HAL_ResumeTick
                0x00000000       0x10 Drivers\STM32F1xx_HAL_Driver\Src\stm32f1xx_hal.o
 .text.HAL_GetHalVersion
                0x00000000        0x8 Drivers\STM32F1xx_HAL_Driver\Src\stm32f1xx_hal.o
 .text.HAL_GetREVID
                0x00000000        0xc Drivers\STM32F1xx_HAL_Driver\Src\stm32f1xx_hal.o
 .text.HAL_GetDEVID
                0x00000000       0x10 Drivers\STM32F1xx_HAL_Driver\Src\stm32f1xx_hal.o
 .text.HAL_DBGMCU_EnableDBGSleepMode
                0x00000000       0x10 Drivers\STM32F1xx_HAL_Driver\Src\stm32f1xx_hal.o
 .text.HAL_DBGMCU_DisableDBGSleepMode
                0x00000000       0x10 Drivers\STM32F1xx_HAL_Driver\Src\stm32f1xx_hal.o
 .text.HAL_DBGMCU_EnableDBGStopMode
                0x00000000       0x10 Drivers\STM32F1xx_HAL_Driver\Src\stm32f1xx_hal.o
 .text.HAL_DBGMCU_DisableDBGStopMode
                0x00000000       0x10 Drivers\STM32F1xx_HAL_Driver\Src\stm32f1xx_hal.o
 .text.HAL_DBGMCU_EnableDBGStandbyMode
                0x00000000       0x10 Drivers\STM32F1xx_HAL_Driver\Src\stm32f1xx_hal.o
 .text.HAL_DBGMCU_DisableDBGStandbyMode
                0x00000000       0x10 Drivers\STM32F1xx_HAL_Driver\Src\stm32f1xx_hal.o
 .text.HAL_GetUID
                0x00000000       0x20 Drivers\STM32F1xx_HAL_Driver\Src\stm32f1xx_hal.o
 .text          0x00000000        0x0 Drivers\STM32F1xx_HAL_Driver\Src\stm32f1xx_hal_adc.o
 .data          0x00000000        0x0 Drivers\STM32F1xx_HAL_Driver\Src\stm32f1xx_hal_adc.o
 .bss           0x00000000        0x0 Drivers\STM32F1xx_HAL_Driver\Src\stm32f1xx_hal_adc.o
[...]
Memory Configuration

Name             Origin             Length             Attributes
RAM              0x20000000         0x00005000         xrw
FLASH            0x08000000         0x00010000         xr
*default*        0x00000000         0xffffffff

Linker script and memory map

LOAD c:/program files (x86)/atollic/truestudio for stm32 9.2.0/armtools/bin/../lib/gcc/arm-atollic-eabi/6.3.1/armv7-m/crti.o
LOAD c:/program files (x86)/atollic/truestudio for stm32 9.2.0/armtools/bin/../lib/gcc/arm-atollic-eabi/6.3.1/armv7-m/crtbegin.o
LOAD Drivers\STM32F1xx_HAL_Driver\Src\stm32f1xx_hal.o
LOAD Drivers\STM32F1xx_HAL_Driver\Src\stm32f1xx_hal_adc.o
LOAD Drivers\STM32F1xx_HAL_Driver\Src\stm32f1xx_hal_adc_ex.o
LOAD Drivers\STM32F1xx_HAL_Driver\Src\stm32f1xx_hal_cortex.o
LOAD Drivers\STM32F1xx_HAL_Driver\Src\stm32f1xx_hal_dma.o
LOAD Drivers\STM32F1xx_HAL_Driver\Src\stm32f1xx_hal_flash.o
LOAD Drivers\STM32F1xx_HAL_Driver\Src\stm32f1xx_hal_flash_ex.o
LOAD Drivers\STM32F1xx_HAL_Driver\Src\stm32f1xx_hal_gpio.o
LOAD Drivers\STM32F1xx_HAL_Driver\Src\stm32f1xx_hal_gpio_ex.o
LOAD Drivers\STM32F1xx_HAL_Driver\Src\stm32f1xx_hal_pcd.o
LOAD Drivers\STM32F1xx_HAL_Driver\Src\stm32f1xx_hal_pcd_ex.o
LOAD Drivers\STM32F1xx_HAL_Driver\Src\stm32f1xx_hal_pwr.o
LOAD Drivers\STM32F1xx_HAL_Driver\Src\stm32f1xx_hal_rcc.o
LOAD Drivers\STM32F1xx_HAL_Driver\Src\stm32f1xx_hal_rcc_ex.o
LOAD Drivers\STM32F1xx_HAL_Driver\Src\stm32f1xx_hal_tim.o
LOAD Drivers\STM32F1xx_HAL_Driver\Src\stm32f1xx_hal_tim_ex.o
LOAD Drivers\STM32F1xx_HAL_Driver\Src\stm32f1xx_ll_usb.o
LOAD Middlewares\ST\STM32_USB_Device_Library\Class\CDC\Src\usbd_cdc.o
LOAD Middlewares\ST\STM32_USB_Device_Library\Core\Src\usbd_core.o
LOAD Middlewares\ST\STM32_USB_Device_Library\Core\Src\usbd_ctlreq.o
LOAD Middlewares\ST\STM32_USB_Device_Library\Core\Src\usbd_ioreq.o
LOAD Src\main.o
LOAD Src\stm32f1xx_hal_msp.o
LOAD Src\stm32f1xx_it.o
LOAD Src\system_stm32f1xx.o
LOAD Src\usb_device.o
LOAD Src\usbd_cdc_if.o
LOAD Src\usbd_conf.o
LOAD Src\usbd_desc.o
LOAD startup\startup_stm32f103xb.o
                0x00000080                malloc_getpagesize_P = 0x80
START GROUP
LOAD c:/program files (x86)/atollic/truestudio for stm32 9.2.0/armtools/bin/../lib/gcc/arm-atollic-eabi/6.3.1/../../../../arm-atollic-eabi/lib/armv7-m\libc_nano.a
LOAD c:/program files (x86)/atollic/truestudio for stm32 9.2.0/armtools/bin/../lib/gcc/arm-atollic-eabi/6.3.1/../../../../arm-atollic-eabi/lib/armv7-m\libm.a
END GROUP
START GROUP
LOAD c:/program files (x86)/atollic/truestudio for stm32 9.2.0/armtools/bin/../lib/gcc/arm-atollic-eabi/6.3.1/armv7-m\libgcc.a
LOAD c:/program files (x86)/atollic/truestudio for stm32 9.2.0/armtools/bin/../lib/gcc/arm-atollic-eabi/6.3.1/../../../../arm-atollic-eabi/lib/armv7-m\libc_nano.a
END GROUP
START GROUP
LOAD c:/program files (x86)/atollic/truestudio for stm32 9.2.0/armtools/bin/../lib/gcc/arm-atollic-eabi/6.3.1/armv7-m\libgcc.a
LOAD c:/program files (x86)/atollic/truestudio for stm32 9.2.0/armtools/bin/../lib/gcc/arm-atollic-eabi/6.3.1/../../../../arm-atollic-eabi/lib/armv7-m\libc_nano.a
LOAD c:/program files (x86)/atollic/truestudio for stm32 9.2.0/armtools/bin/../lib/gcc/arm-atollic-eabi/6.3.1/../../../../arm-atollic-eabi/lib/armv7-m\libnosys.a
END GROUP
START GROUP
LOAD c:/program files (x86)/atollic/truestudio for stm32 9.2.0/armtools/bin/../lib/gcc/arm-atollic-eabi/6.3.1/armv7-m\libgcc.a
LOAD c:/program files (x86)/atollic/truestudio for stm32 9.2.0/armtools/bin/../lib/gcc/arm-atollic-eabi/6.3.1/../../../../arm-atollic-eabi/lib/armv7-m\libc_nano.a
LOAD c:/program files (x86)/atollic/truestudio for stm32 9.2.0/armtools/bin/../lib/gcc/arm-atollic-eabi/6.3.1/../../../../arm-atollic-eabi/lib/armv7-m\libnosys.a
END GROUP
LOAD c:/program files (x86)/atollic/truestudio for stm32 9.2.0/armtools/bin/../lib/gcc/arm-atollic-eabi/6.3.1/armv7-m/crtend.o
LOAD c:/program files (x86)/atollic/truestudio for stm32 9.2.0/armtools/bin/../lib/gcc/arm-atollic-eabi/6.3.1/armv7-m/crtn.o
                0x20005000                _estack = 0x20005000
                0x00000200                _Min_Heap_Size = 0x200
                0x00000400                _Min_Stack_Size = 0x400

.isr_vector     0x08000000      0x10c
                0x08000000                . = ALIGN (0x4)
 *(.isr_vector)
 .isr_vector    0x08000000      0x10c startup\startup_stm32f103xb.o
                0x08000000                g_pfnVectors
                0x0800010c                . = ALIGN (0x4)

.text           0x0800010c     0x3470
                0x0800010c                . = ALIGN (0x4)
 *(.text)
 .text          0x0800010c       0x40 c:/program files (x86)/atollic/truestudio for stm32 9.2.0/armtools/bin/../lib/gcc/arm-atollic-eabi/6.3.1/armv7-m/crtbegin.o
 *(.text*)
 .text.HAL_InitTick
                0x0800014c       0x48 Drivers\STM32F1xx_HAL_Driver\Src\stm32f1xx_hal.o
                0x0800014c                HAL_InitTick
 .text.HAL_Init
                0x08000194       0x24 Drivers\STM32F1xx_HAL_Driver\Src\stm32f1xx_hal.o
                0x08000194                HAL_Init
 .text.HAL_IncTick
                0x080001b8       0x18 Drivers\STM32F1xx_HAL_Driver\Src\stm32f1xx_hal.o
                0x080001b8                HAL_IncTick
 .text.HAL_GetTick
                0x080001d0        0xc Drivers\STM32F1xx_HAL_Driver\Src\stm32f1xx_hal.o
                0x080001d0                HAL_GetTick
 .text.HAL_ADC_ConfigChannel
                0x080001dc      0x108 Drivers\STM32F1xx_HAL_Driver\Src\stm32f1xx_hal_adc.o
                0x080001dc                HAL_ADC_ConfigChannel
 .text.ADC_ConversionStop_Disable
                0x080002e4       0x44 Drivers\STM32F1xx_HAL_Driver\Src\stm32f1xx_hal_adc.o
                0x080002e4                ADC_ConversionStop_Disable
 .text.HAL_ADC_Init
                0x08000328      0x100 Drivers\STM32F1xx_HAL_Driver\Src\stm32f1xx_hal_adc.o
                0x08000328                HAL_ADC_Init
 .text.HAL_NVIC_SetPriorityGrouping
                0x08000428       0x24 Drivers\STM32F1xx_HAL_Driver\Src\stm32f1xx_hal_cortex.o
                0x08000428                HAL_NVIC_SetPriorityGrouping
 .text.HAL_NVIC_SetPriority
                0x0800044c       0x68 Drivers\STM32F1xx_HAL_Driver\Src\stm32f1xx_hal_cortex.o
                0x0800044c                HAL_NVIC_SetPriority
 .text.HAL_NVIC_EnableIRQ
                0x080004b4       0x18 Drivers\STM32F1xx_HAL_Driver\Src\stm32f1xx_hal_cortex.o
                0x080004b4                HAL_NVIC_EnableIRQ
 .text.HAL_SYSTICK_Config
                0x080004cc       0x2c Drivers\STM32F1xx_HAL_Driver\Src\stm32f1xx_hal_cortex.o
                0x080004cc                HAL_SYSTICK_Config
 .text.HAL_GPIO_Init
                0x080004f8      0x1c0 Drivers\STM32F1xx_HAL_Driver\Src\stm32f1xx_hal_gpio.o
                0x080004f8                HAL_GPIO_Init
 .text.HAL_GPIO_WritePin
                0x080006b8        0xa Drivers\STM32F1xx_HAL_Driver\Src\stm32f1xx_hal_gpio.o
                0x080006b8                HAL_GPIO_WritePin
 .text.HAL_GPIO_TogglePin
                0x080006c2        0x8 Drivers\STM32F1xx_HAL_Driver\Src\stm32f1xx_hal_gpio.o
                0x080006c2                HAL_GPIO_TogglePin
 .text.HAL_PCD_Init
                0x080006ca       0xd2 Drivers\STM32F1xx_HAL_Driver\Src\stm32f1xx_hal_pcd.o
                0x080006ca                HAL_PCD_Init
 .text.HAL_PCD_Start
                0x0800079c       0x2e Drivers\STM32F1xx_HAL_Driver\Src\stm32f1xx_hal_pcd.o
                0x0800079c                HAL_PCD_Start
 .text.HAL_PCD_SetAddress
                0x080007ca       0x28 Drivers\STM32F1xx_HAL_Driver\Src\stm32f1xx_hal_pcd.o
                0x080007ca                HAL_PCD_SetAddress
 .text.HAL_PCD_EP_Open
                0x080007f2       0x46 Drivers\STM32F1xx_HAL_Driver\Src\stm32f1xx_hal_pcd.o
                0x080007f2                HAL_PCD_EP_Open
 .text.HAL_PCD_EP_Close
                0x08000838       0x42 Drivers\STM32F1xx_HAL_Driver\Src\stm32f1xx_hal_pcd.o
                0x08000838                HAL_PCD_EP_Close
 .text.HAL_PCD_EP_Receive
                0x0800087a       0x30 Drivers\STM32F1xx_HAL_Driver\Src\stm32f1xx_hal_pcd.o
                0x0800087a                HAL_PCD_EP_Receive
 .text.HAL_PCD_EP_GetRxCount
                0x080008aa        0xe Drivers\STM32F1xx_HAL_Driver\Src\stm32f1xx_hal_pcd.o
                0x080008aa                HAL_PCD_EP_GetRxCount
 .text.HAL_PCD_EP_Transmit
                0x080008b8       0x2c Drivers\STM32F1xx_HAL_Driver\Src\stm32f1xx_hal_pcd.o
                0x080008b8                HAL_PCD_EP_Transmit
 .text.HAL_PCD_IRQHandler
                0x080008e4      0x4f0 Drivers\STM32F1xx_HAL_Driver\Src\stm32f1xx_hal_pcd.o
                0x080008e4                HAL_PCD_IRQHandler
 .text.HAL_PCD_EP_SetStall
                0x08000dd4       0x52 Drivers\STM32F1xx_HAL_Driver\Src\stm32f1xx_hal_pcd.o
                0x08000dd4                HAL_PCD_EP_SetStall
 .text.HAL_PCD_EP_ClrStall
                0x08000e26       0x46 Drivers\STM32F1xx_HAL_Driver\Src\stm32f1xx_hal_pcd.o
                0x08000e26                HAL_PCD_EP_ClrStall
 .text.HAL_PCDEx_PMAConfig
                0x08000e6c       0x30 Drivers\STM32F1xx_HAL_Driver\Src\stm32f1xx_hal_pcd_ex.o
                0x08000e6c                HAL_PCDEx_PMAConfig
 .text.HAL_RCC_OscConfig
                0x08000e9c      0x318 Drivers\STM32F1xx_HAL_Driver\Src\stm32f1xx_hal_rcc.o
                0x08000e9c                HAL_RCC_OscConfig
 .text.HAL_RCC_GetSysClockFreq
                0x080011b4       0x78 Drivers\STM32F1xx_HAL_Driver\Src\stm32f1xx_hal_rcc.o
                0x080011b4                HAL_RCC_GetSysClockFreq
 .text.HAL_RCC_ClockConfig
                0x0800122c      0x164 Drivers\STM32F1xx_HAL_Driver\Src\stm32f1xx_hal_rcc.o
                0x0800122c                HAL_RCC_ClockConfig
 .text.HAL_RCCEx_PeriphCLKConfig
                0x08001390       0xf0 Drivers\STM32F1xx_HAL_Driver\Src\stm32f1xx_hal_rcc_ex.o
                0x08001390                HAL_RCCEx_PeriphCLKConfig
 .text.TIM_OC1_SetConfig
                0x08001480       0x50 Drivers\STM32F1xx_HAL_Driver\Src\stm32f1xx_hal_tim.o
 .text.TIM_OC3_SetConfig
                0x080014d0       0x54 Drivers\STM32F1xx_HAL_Driver\Src\stm32f1xx_hal_tim.o
 .text.TIM_OC4_SetConfig
                0x08001524       0x44 Drivers\STM32F1xx_HAL_Driver\Src\stm32f1xx_hal_tim.o
 .text.TIM_SlaveTimer_SetConfig
                0x08001568       0xaa Drivers\STM32F1xx_HAL_Driver\Src\stm32f1xx_hal_tim.o
 .text.HAL_TIM_Base_Start_IT
                0x08001612       0x16 Drivers\STM32F1xx_HAL_Driver\Src\stm32f1xx_hal_tim.o
                0x08001612                HAL_TIM_Base_Start_IT
 .text.HAL_TIM_PWM_MspInit
                0x08001628        0x2 Drivers\STM32F1xx_HAL_Driver\Src\stm32f1xx_hal_tim.o
                0x08001628                HAL_TIM_PWM_MspInit
 .text.HAL_TIM_ConfigClockSource
                0x0800162a      0x172 Drivers\STM32F1xx_HAL_Driver\Src\stm32f1xx_hal_tim.o
                0x0800162a                HAL_TIM_ConfigClockSource
 .text.HAL_TIM_SlaveConfigSynchronization
                0x0800179c       0x40 Drivers\STM32F1xx_HAL_Driver\Src\stm32f1xx_hal_tim.o
                0x0800179c                HAL_TIM_SlaveConfigSynchronization
 .text.HAL_TIM_OC_DelayElapsedCallback
                0x080017dc        0x2 Drivers\STM32F1xx_HAL_Driver\Src\stm32f1xx_hal_tim.o
                0x080017dc                HAL_TIM_OC_DelayElapsedCallback
 .text.HAL_TIM_IC_CaptureCallback
                0x080017de        0x2 Drivers\STM32F1xx_HAL_Driver\Src\stm32f1xx_hal_tim.o
                0x080017de                HAL_TIM_IC_CaptureCallback
 .text.HAL_TIM_PWM_PulseFinishedCallback
                0x080017e0        0x2 Drivers\STM32F1xx_HAL_Driver\Src\stm32f1xx_hal_tim.o
                0x080017e0                HAL_TIM_PWM_PulseFinishedCallback
 .text.HAL_TIM_TriggerCallback
                0x080017e2        0x2 Drivers\STM32F1xx_HAL_Driver\Src\stm32f1xx_hal_tim.o
                0x080017e2                HAL_TIM_TriggerCallback
 .text.HAL_TIM_IRQHandler
                0x080017e4      0x144 Drivers\STM32F1xx_HAL_Driver\Src\stm32f1xx_hal_tim.o
                0x080017e4                HAL_TIM_IRQHandler
 .text.TIM_Base_SetConfig
                0x08001928       0x70 Drivers\STM32F1xx_HAL_Driver\Src\stm32f1xx_hal_tim.o
                0x08001928                TIM_Base_SetConfig
 .text.HAL_TIM_Base_Init
                0x08001998       0x34 Drivers\STM32F1xx_HAL_Driver\Src\stm32f1xx_hal_tim.o
                0x08001998                HAL_TIM_Base_Init
 .text.HAL_TIM_PWM_Init
                0x080019cc       0x34 Drivers\STM32F1xx_HAL_Driver\Src\stm32f1xx_hal_tim.o
                0x080019cc                HAL_TIM_PWM_Init
 .text.TIM_OC2_SetConfig
                0x08001a00       0x58 Drivers\STM32F1xx_HAL_Driver\Src\stm32f1xx_hal_tim.o
                0x08001a00                TIM_OC2_SetConfig
 .text.HAL_TIM_PWM_ConfigChannel
                0x08001a58       0xc4 Drivers\STM32F1xx_HAL_Driver\Src\stm32f1xx_hal_tim.o
                0x08001a58                HAL_TIM_PWM_ConfigChannel
 .text.HAL_TIMEx_ConfigBreakDeadTime
                0x08001b1c       0x4c Drivers\STM32F1xx_HAL_Driver\Src\stm32f1xx_hal_tim_ex.o
                0x08001b1c                HAL_TIMEx_ConfigBreakDeadTime
 .text.HAL_TIMEx_MasterConfigSynchronization
                0x08001b68       0x44 Drivers\STM32F1xx_HAL_Driver\Src\stm32f1xx_hal_tim_ex.o
                0x08001b68                HAL_TIMEx_MasterConfigSynchronization
 .text.HAL_TIMEx_CommutationCallback
                0x08001bac        0x2 Drivers\STM32F1xx_HAL_Driver\Src\stm32f1xx_hal_tim_ex.o
                0x08001bac                HAL_TIMEx_CommutationCallback
 .text.HAL_TIMEx_BreakCallback
                0x08001bae        0x2 Drivers\STM32F1xx_HAL_Driver\Src\stm32f1xx_hal_tim_ex.o
                0x08001bae                HAL_TIMEx_BreakCallback
 .text.USB_CoreInit
                0x08001bb0        0xe Drivers\STM32F1xx_HAL_Driver\Src\stm32f1xx_ll_usb.o
                0x08001bb0                USB_CoreInit
 .text.USB_EnableGlobalInt
                0x08001bbe       0x12 Drivers\STM32F1xx_HAL_Driver\Src\stm32f1xx_ll_usb.o
                0x08001bbe                USB_EnableGlobalInt
 .text.USB_DisableGlobalInt
                0x08001bd0       0x14 Drivers\STM32F1xx_HAL_Driver\Src\stm32f1xx_ll_usb.o
                0x08001bd0                USB_DisableGlobalInt
 .text.USB_SetCurrentMode
                0x08001be4        0x4 Drivers\STM32F1xx_HAL_Driver\Src\stm32f1xx_ll_usb.o
                0x08001be4                USB_SetCurrentMode
 .text.USB_DevInit
                0x08001be8       0x36 Drivers\STM32F1xx_HAL_Driver\Src\stm32f1xx_ll_usb.o
                0x08001be8                USB_DevInit
 *fill*         0x08001c1e        0x2 
 .text.USB_ActivateEndpoint
                0x08001c20      0x2e4 Drivers\STM32F1xx_HAL_Driver\Src\stm32f1xx_ll_usb.o
                0x08001c20                USB_ActivateEndpoint
 .text.USB_DeactivateEndpoint
                0x08001f04      0x19c Drivers\STM32F1xx_HAL_Driver\Src\stm32f1xx_ll_usb.o
                0x08001f04                USB_DeactivateEndpoint
 .text.USB_EPSetStall
                0x080020a0       0x64 Drivers\STM32F1xx_HAL_Driver\Src\stm32f1xx_ll_usb.o
                0x080020a0                USB_EPSetStall
 .text.USB_EPClearStall
                0x08002104       0x84 Drivers\STM32F1xx_HAL_Driver\Src\stm32f1xx_ll_usb.o
                0x08002104                USB_EPClearStall
 .text.USB_SetDevAddress
                0x08002188        0xc Drivers\STM32F1xx_HAL_Driver\Src\stm32f1xx_ll_usb.o
                0x08002188                USB_SetDevAddress
 .text.USB_DevConnect
                0x08002194        0x4 Drivers\STM32F1xx_HAL_Driver\Src\stm32f1xx_ll_usb.o
                0x08002194                USB_DevConnect
 .text.USB_DevDisconnect
                0x08002198        0x4 Drivers\STM32F1xx_HAL_Driver\Src\stm32f1xx_ll_usb.o
                0x08002198                USB_DevDisconnect
 .text.USB_ReadInterrupts
                0x0800219c        0x8 Drivers\STM32F1xx_HAL_Driver\Src\stm32f1xx_ll_usb.o
                0x0800219c                USB_ReadInterrupts
 .text.USB_EP0_OutStart
                0x080021a4        0x4 Drivers\STM32F1xx_HAL_Driver\Src\stm32f1xx_ll_usb.o
                0x080021a4                USB_EP0_OutStart
 .text.USB_WritePMA
                0x080021a8       0x22 Drivers\STM32F1xx_HAL_Driver\Src\stm32f1xx_ll_usb.o
                0x080021a8                USB_WritePMA
 *fill*         0x080021ca        0x2 
 .text.USB_EPStartXfer
                0x080021cc      0x200 Drivers\STM32F1xx_HAL_Driver\Src\stm32f1xx_ll_usb.o
                0x080021cc                USB_EPStartXfer
 .text.USB_ReadPMA
                0x080023cc       0x22 Drivers\STM32F1xx_HAL_Driver\Src\stm32f1xx_ll_usb.o
                0x080023cc                USB_ReadPMA
 .text.USBD_CDC_DataIn
                0x080023ee       0x12 Middlewares\ST\STM32_USB_Device_Library\Class\CDC\Src\usbd_cdc.o
 .text.USBD_CDC_EP0_RxReady
                0x08002400       0x28 Middlewares\ST\STM32_USB_Device_Library\Class\CDC\Src\usbd_cdc.o
 .text.USBD_CDC_GetFSCfgDesc
                0x08002428        0xc Middlewares\ST\STM32_USB_Device_Library\Class\CDC\Src\usbd_cdc.o
 .text.USBD_CDC_GetHSCfgDesc
                0x08002434        0xc Middlewares\ST\STM32_USB_Device_Library\Class\CDC\Src\usbd_cdc.o
 .text.USBD_CDC_GetOtherSpeedCfgDesc
                0x08002440        0xc Middlewares\ST\STM32_USB_Device_Library\Class\CDC\Src\usbd_cdc.o
 .text.USBD_CDC_GetDeviceQualifierDescriptor
                0x0800244c        0xc Middlewares\ST\STM32_USB_Device_Library\Class\CDC\Src\usbd_cdc.o
                0x0800244c                USBD_CDC_GetDeviceQualifierDescriptor
 .text.USBD_CDC_DataOut
                0x08002458       0x2e Middlewares\ST\STM32_USB_Device_Library\Class\CDC\Src\usbd_cdc.o
 *fill*         0x08002486        0x2 
 .text.USBD_CDC_Setup
                0x08002488       0x68 Middlewares\ST\STM32_USB_Device_Library\Class\CDC\Src\usbd_cdc.o
 .text.USBD_CDC_DeInit
                0x080024f0       0x3a Middlewares\ST\STM32_USB_Device_Library\Class\CDC\Src\usbd_cdc.o
 .text.USBD_CDC_Init
                0x0800252a       0x8c Middlewares\ST\STM32_USB_Device_Library\Class\CDC\Src\usbd_cdc.o
 .text.USBD_CDC_RegisterInterface
                0x080025b6        0xe Middlewares\ST\STM32_USB_Device_Library\Class\CDC\Src\usbd_cdc.o
                0x080025b6                USBD_CDC_RegisterInterface
 .text.USBD_CDC_SetTxBuffer
                0x080025c4       0x10 Middlewares\ST\STM32_USB_Device_Library\Class\CDC\Src\usbd_cdc.o
                0x080025c4                USBD_CDC_SetTxBuffer
 .text.USBD_CDC_SetRxBuffer
                0x080025d4        0xc Middlewares\ST\STM32_USB_Device_Library\Class\CDC\Src\usbd_cdc.o
                0x080025d4                USBD_CDC_SetRxBuffer
 .text.USBD_CDC_ReceivePacket
                0x080025e0       0x26 Middlewares\ST\STM32_USB_Device_Library\Class\CDC\Src\usbd_cdc.o
                0x080025e0                USBD_CDC_ReceivePacket
 .text.USBD_Init
                0x08002606       0x2a Middlewares\ST\STM32_USB_Device_Library\Core\Src\usbd_core.o
                0x08002606                USBD_Init
 .text.USBD_RegisterClass
                0x08002630        0xe Middlewares\ST\STM32_USB_Device_Library\Core\Src\usbd_core.o
                0x08002630                USBD_RegisterClass
 .text.USBD_Start
                0x0800263e        0xa Middlewares\ST\STM32_USB_Device_Library\Core\Src\usbd_core.o
                0x0800263e                USBD_Start
 .text.USBD_SetClassConfig
                0x08002648       0x16 Middlewares\ST\STM32_USB_Device_Library\Core\Src\usbd_core.o
                0x08002648                USBD_SetClassConfig
 .text.USBD_ClrClassConfig
                0x0800265e        0xe Middlewares\ST\STM32_USB_Device_Library\Core\Src\usbd_core.o
                0x0800265e                USBD_ClrClassConfig
 .text.USBD_LL_SetupStage
                0x0800266c       0x5a Middlewares\ST\STM32_USB_Device_Library\Core\Src\usbd_core.o
                0x0800266c                USBD_LL_SetupStage
 .text.USBD_LL_DataOutStage
                0x080026c6       0x64 Middlewares\ST\STM32_USB_Device_Library\Core\Src\usbd_core.o
                0x080026c6                USBD_LL_DataOutStage
 .text.USBD_LL_DataInStage
                0x0800272a       0x9e Middlewares\ST\STM32_USB_Device_Library\Core\Src\usbd_core.o
                0x0800272a                USBD_LL_DataInStage
 .text.USBD_LL_Reset
                0x080027c8       0x3e Middlewares\ST\STM32_USB_Device_Library\Core\Src\usbd_core.o
                0x080027c8                USBD_LL_Reset
 .text.USBD_LL_SetSpeed
                0x08002806        0x6 Middlewares\ST\STM32_USB_Device_Library\Core\Src\usbd_core.o
                0x08002806                USBD_LL_SetSpeed
 .text.USBD_LL_Suspend
                0x0800280c       0x12 Middlewares\ST\STM32_USB_Device_Library\Core\Src\usbd_core.o
                0x0800280c                USBD_LL_Suspend
 .text.USBD_LL_Resume
                0x0800281e        0xc Middlewares\ST\STM32_USB_Device_Library\Core\Src\usbd_core.o
                0x0800281e                USBD_LL_Resume
 .text.USBD_LL_SOF
                0x0800282a       0x18 Middlewares\ST\STM32_USB_Device_Library\Core\Src\usbd_core.o
                0x0800282a                USBD_LL_SOF
 .text.USBD_CtlError.constprop.0
                0x08002842       0x16 Middlewares\ST\STM32_USB_Device_Library\Core\Src\usbd_ctlreq.o
 .text.USBD_StdDevReq
                0x08002858      0x1f4 Middlewares\ST\STM32_USB_Device_Library\Core\Src\usbd_ctlreq.o
                0x08002858                USBD_StdDevReq
 .text.USBD_StdItfReq
                0x08002a4c       0x30 Middlewares\ST\STM32_USB_Device_Library\Core\Src\usbd_ctlreq.o
                0x08002a4c                USBD_StdItfReq
 .text.USBD_StdEPReq
                0x08002a7c       0xc6 Middlewares\ST\STM32_USB_Device_Library\Core\Src\usbd_ctlreq.o
                0x08002a7c                USBD_StdEPReq
 .text.USBD_ParseSetupRequest
                0x08002b42       0x28 Middlewares\ST\STM32_USB_Device_Library\Core\Src\usbd_ctlreq.o
                0x08002b42                USBD_ParseSetupRequest
 .text.USBD_GetString
                0x08002b6a       0x38 Middlewares\ST\STM32_USB_Device_Library\Core\Src\usbd_ctlreq.o
                0x08002b6a                USBD_GetString
 .text.USBD_CtlSendData
                0x08002ba2       0x1a Middlewares\ST\STM32_USB_Device_Library\Core\Src\usbd_ioreq.o
                0x08002ba2                USBD_CtlSendData
 .text.USBD_CtlContinueSendData
                0x08002bbc       0x10 Middlewares\ST\STM32_USB_Device_Library\Core\Src\usbd_ioreq.o
                0x08002bbc                USBD_CtlContinueSendData
 .text.USBD_CtlPrepareRx
                0x08002bcc       0x1e Middlewares\ST\STM32_USB_Device_Library\Core\Src\usbd_ioreq.o
                0x08002bcc                USBD_CtlPrepareRx
 .text.USBD_CtlContinueRx
                0x08002bea       0x10 Middlewares\ST\STM32_USB_Device_Library\Core\Src\usbd_ioreq.o
                0x08002bea                USBD_CtlContinueRx
 .text.USBD_CtlSendStatus
                0x08002bfa       0x16 Middlewares\ST\STM32_USB_Device_Library\Core\Src\usbd_ioreq.o
                0x08002bfa                USBD_CtlSendStatus
 .text.USBD_CtlReceiveStatus
                0x08002c10       0x16 Middlewares\ST\STM32_USB_Device_Library\Core\Src\usbd_ioreq.o
                0x08002c10                USBD_CtlReceiveStatus
 .text.SystemClock_Config
                0x08002c26       0x74 Src\main.o
                0x08002c26                SystemClock_Config
 *fill*         0x08002c9a        0x2 
 .text.startup.main
                0x08002c9c      0x24c Src\main.o
                0x08002c9c                main
 .text.HAL_TIM_PeriodElapsedCallback
                0x08002ee8       0x2c Src\main.o
                0x08002ee8                HAL_TIM_PeriodElapsedCallback
 .text.CDC_Receive_Callback
                0x08002f14       0x10 Src\main.o
                0x08002f14                CDC_Receive_Callback
 .text.Error_Handler
                0x08002f24        0x2 Src\main.o
                0x08002f24                Error_Handler
 *fill*         0x08002f26        0x2 
 .text.HAL_MspInit
                0x08002f28       0x44 Src\stm32f1xx_hal_msp.o
                0x08002f28                HAL_MspInit
 .text.HAL_ADC_MspInit
                0x08002f6c       0x5c Src\stm32f1xx_hal_msp.o
                0x08002f6c                HAL_ADC_MspInit
 .text.HAL_TIM_Base_MspInit
                0x08002fc8       0xac Src\stm32f1xx_hal_msp.o
                0x08002fc8                HAL_TIM_Base_MspInit
 .text.HAL_TIM_MspPostInit
                0x08003074       0x50 Src\stm32f1xx_hal_msp.o
                0x08003074                HAL_TIM_MspPostInit
 .text.NMI_Handler
                0x080030c4        0x2 Src\stm32f1xx_it.o
                0x080030c4                NMI_Handler
 .text.HardFault_Handler
                0x080030c6        0x2 Src\stm32f1xx_it.o
                0x080030c6                HardFault_Handler
 .text.MemManage_Handler
                0x080030c8        0x2 Src\stm32f1xx_it.o
                0x080030c8                MemManage_Handler
 .text.BusFault_Handler
                0x080030ca        0x2 Src\stm32f1xx_it.o
                0x080030ca                BusFault_Handler
 .text.UsageFault_Handler
                0x080030cc        0x2 Src\stm32f1xx_it.o
                0x080030cc                UsageFault_Handler
 .text.SVC_Handler
                0x080030ce        0x2 Src\stm32f1xx_it.o
                0x080030ce                SVC_Handler
 .text.DebugMon_Handler
                0x080030d0        0x2 Src\stm32f1xx_it.o
                0x080030d0                DebugMon_Handler
 .text.PendSV_Handler
                0x080030d2        0x2 Src\stm32f1xx_it.o
                0x080030d2                PendSV_Handler
 .text.SysTick_Handler
                0x080030d4        0x4 Src\stm32f1xx_it.o
                0x080030d4                SysTick_Handler
 .text.USB_LP_CAN1_RX0_IRQHandler
                0x080030d8        0xc Src\stm32f1xx_it.o
                0x080030d8                USB_LP_CAN1_RX0_IRQHandler
 .text.TIM2_IRQHandler
                0x080030e4        0xc Src\stm32f1xx_it.o
                0x080030e4                TIM2_IRQHandler
 .text.SystemInit
                0x080030f0       0x4c Src\system_stm32f1xx.o
                0x080030f0                SystemInit
 .text.MX_USB_DEVICE_Init
                0x0800313c       0x38 Src\usb_device.o
                0x0800313c                MX_USB_DEVICE_Init
 .text.CDC_DeInit_FS
                0x08003174        0x4 Src\usbd_cdc_if.o
 .text.CDC_Control_FS
                0x08003178        0x4 Src\usbd_cdc_if.o
 .text.CDC_Init_FS
                0x0800317c       0x28 Src\usbd_cdc_if.o
 .text.CDC_Receive_FS
                0x080031a4       0x28 Src\usbd_cdc_if.o
 .text.HAL_PCD_MspInit
                0x080031cc       0x3c Src\usbd_conf.o
                0x080031cc                HAL_PCD_MspInit
 .text.HAL_PCD_SetupStageCallback
                0x08003208        0xc Src\usbd_conf.o
                0x08003208                HAL_PCD_SetupStageCallback
 .text.HAL_PCD_DataOutStageCallback
                0x08003214       0x10 Src\usbd_conf.o
                0x08003214                HAL_PCD_DataOutStageCallback
 .text.HAL_PCD_DataInStageCallback
                0x08003224        0xe Src\usbd_conf.o
                0x08003224                HAL_PCD_DataInStageCallback
 .text.HAL_PCD_SOFCallback
                0x08003232        0x8 Src\usbd_conf.o
                0x08003232                HAL_PCD_SOFCallback
 .text.HAL_PCD_ResetCallback
                0x0800323a       0x1a Src\usbd_conf.o
                0x0800323a                HAL_PCD_ResetCallback
 .text.HAL_PCD_SuspendCallback
                0x08003254       0x20 Src\usbd_conf.o
                0x08003254                HAL_PCD_SuspendCallback
 .text.HAL_PCD_ResumeCallback
                0x08003274        0x8 Src\usbd_conf.o
                0x08003274                HAL_PCD_ResumeCallback
 .text.USBD_LL_Init
                0x0800327c       0x84 Src\usbd_conf.o
                0x0800327c                USBD_LL_Init
 .text.USBD_LL_Start
                0x08003300       0x1c Src\usbd_conf.o
                0x08003300                USBD_LL_Start
 .text.USBD_LL_OpenEP
                0x0800331c       0x20 Src\usbd_conf.o
                0x0800331c                USBD_LL_OpenEP
 .text.USBD_LL_CloseEP
                0x0800333c       0x1c Src\usbd_conf.o
                0x0800333c                USBD_LL_CloseEP
 .text.USBD_LL_StallEP
                0x08003358       0x1c Src\usbd_conf.o
                0x08003358                USBD_LL_StallEP
 .text.USBD_LL_ClearStallEP
                0x08003374       0x1c Src\usbd_conf.o
                0x08003374                USBD_LL_ClearStallEP
 .text.USBD_LL_IsStallEP
                0x08003390       0x20 Src\usbd_conf.o
                0x08003390                USBD_LL_IsStallEP
 .text.USBD_LL_SetUSBAddress
                0x080033b0       0x1c Src\usbd_conf.o
                0x080033b0                USBD_LL_SetUSBAddress
 .text.USBD_LL_Transmit
                0x080033cc       0x1c Src\usbd_conf.o
                0x080033cc                USBD_LL_Transmit
 .text.USBD_LL_PrepareReceive
                0x080033e8       0x1c Src\usbd_conf.o
                0x080033e8                USBD_LL_PrepareReceive
 .text.USBD_LL_GetRxDataSize
                0x08003404        0xc Src\usbd_conf.o
                0x08003404                USBD_LL_GetRxDataSize
 .text.USBD_static_malloc
                0x08003410        0x8 Src\usbd_conf.o
                0x08003410                USBD_static_malloc
 .text.USBD_static_free
                0x08003418        0x2 Src\usbd_conf.o
                0x08003418                USBD_static_free
 .text.HAL_PCDEx_SetConnectionState
                0x0800341a        0x2 Src\usbd_conf.o
                0x0800341a                HAL_PCDEx_SetConnectionState
 .text.USBD_FS_DeviceDescriptor
                0x0800341c        0xc Src\usbd_desc.o
                0x0800341c                USBD_FS_DeviceDescriptor
 .text.USBD_FS_LangIDStrDescriptor
                0x08003428        0xc Src\usbd_desc.o
                0x08003428                USBD_FS_LangIDStrDescriptor
 .text.USBD_FS_ManufacturerStrDescriptor
                0x08003434       0x1c Src\usbd_desc.o
                0x08003434                USBD_FS_ManufacturerStrDescriptor
 .text.USBD_FS_ProductStrDescriptor
                0x08003450       0x1c Src\usbd_desc.o
                0x08003450                USBD_FS_ProductStrDescriptor
 .text.USBD_FS_SerialStrDescriptor
                0x0800346c       0x1c Src\usbd_desc.o
                0x0800346c                USBD_FS_SerialStrDescriptor
 .text.USBD_FS_ConfigStrDescriptor
                0x08003488       0x1c Src\usbd_desc.o
                0x08003488                USBD_FS_ConfigStrDescriptor
 .text.USBD_FS_InterfaceStrDescriptor
                0x080034a4       0x1c Src\usbd_desc.o
                0x080034a4                USBD_FS_InterfaceStrDescriptor
 .text.Reset_Handler
                0x080034c0       0x48 startup\startup_stm32f103xb.o
                0x080034c0                Reset_Handler
 .text.Default_Handler
                0x08003508        0x2 startup\startup_stm32f103xb.o
                0x08003508                RTC_Alarm_IRQHandler
                0x08003508                EXTI2_IRQHandler
                0x08003508                TIM1_CC_IRQHandler
                0x08003508                PVD_IRQHandler
                0x08003508                EXTI3_IRQHandler
                0x08003508                EXTI0_IRQHandler
                0x08003508                I2C2_EV_IRQHandler
                0x08003508                ADC1_2_IRQHandler
                0x08003508                SPI1_IRQHandler
                0x08003508                TAMPER_IRQHandler
                0x08003508                DMA1_Channel4_IRQHandler
                0x08003508                USART3_IRQHandler
                0x08003508                RTC_IRQHandler
                0x08003508                DMA1_Channel7_IRQHandler
                0x08003508                CAN1_RX1_IRQHandler
                0x08003508                TIM4_IRQHandler
                0x08003508                I2C1_EV_IRQHandler
                0x08003508                DMA1_Channel6_IRQHandler
                0x08003508                TIM3_IRQHandler
                0x08003508                RCC_IRQHandler
                0x08003508                TIM1_TRG_COM_IRQHandler
                0x08003508                DMA1_Channel1_IRQHandler
                0x08003508                Default_Handler
                0x08003508                EXTI15_10_IRQHandler
                0x08003508                EXTI9_5_IRQHandler
                0x08003508                SPI2_IRQHandler
                0x08003508                DMA1_Channel5_IRQHandler
                0x08003508                EXTI4_IRQHandler
                0x08003508                USB_HP_CAN1_TX_IRQHandler
                0x08003508                DMA1_Channel3_IRQHandler
                0x08003508                TIM1_UP_IRQHandler
                0x08003508                WWDG_IRQHandler
                0x08003508                TIM1_BRK_IRQHandler
                0x08003508                EXTI1_IRQHandler
                0x08003508                USART2_IRQHandler
                0x08003508                I2C2_ER_IRQHandler
                0x08003508                DMA1_Channel2_IRQHandler
                0x08003508                CAN1_SCE_IRQHandler
                0x08003508                FLASH_IRQHandler
                0x08003508                USART1_IRQHandler
                0x08003508                I2C1_ER_IRQHandler
                0x08003508                USBWakeUp_IRQHandler
 *fill*         0x0800350a        0x2 
 .text.__libc_init_array
                0x0800350c       0x48 c:/program files (x86)/atollic/truestudio for stm32 9.2.0/armtools/bin/../lib/gcc/arm-atollic-eabi/6.3.1/../../../../arm-atollic-eabi/lib/armv7-m\libc_nano.a(lib_a-init.o)
                0x0800350c                __libc_init_array
 .text.memset   0x08003554       0x10 c:/program files (x86)/atollic/truestudio for stm32 9.2.0/armtools/bin/../lib/gcc/arm-atollic-eabi/6.3.1/../../../../arm-atollic-eabi/lib/armv7-m\libc_nano.a(lib_a-memset.o)
                0x08003554                memset
 *(.glue_7)
 .glue_7        0x08003564        0x0 linker stubs
 *(.glue_7t)
 .glue_7t       0x08003564        0x0 linker stubs
 *(.eh_frame)
 .eh_frame      0x08003564        0x0 c:/program files (x86)/atollic/truestudio for stm32 9.2.0/armtools/bin/../lib/gcc/arm-atollic-eabi/6.3.1/armv7-m/crtbegin.o
 *(.init)
 .init          0x08003564        0x4 c:/program files (x86)/atollic/truestudio for stm32 9.2.0/armtools/bin/../lib/gcc/arm-atollic-eabi/6.3.1/armv7-m/crti.o
                0x08003564                _init
 .init          0x08003568        0x8 c:/program files (x86)/atollic/truestudio for stm32 9.2.0/armtools/bin/../lib/gcc/arm-atollic-eabi/6.3.1/armv7-m/crtn.o
 *(.fini)
 .fini          0x08003570        0x4 c:/program files (x86)/atollic/truestudio for stm32 9.2.0/armtools/bin/../lib/gcc/arm-atollic-eabi/6.3.1/armv7-m/crti.o
                0x08003570                _fini
 .fini          0x08003574        0x8 c:/program files (x86)/atollic/truestudio for stm32 9.2.0/armtools/bin/../lib/gcc/arm-atollic-eabi/6.3.1/armv7-m/crtn.o
                0x0800357c                . = ALIGN (0x4)
                0x0800357c                _etext = .

.vfp11_veneer   0x0800357c        0x0
 .vfp11_veneer  0x0800357c        0x0 linker stubs

.v4_bx          0x0800357c        0x0
 .v4_bx         0x0800357c        0x0 linker stubs

.iplt           0x0800357c        0x0
 .iplt          0x0800357c        0x0 c:/program files (x86)/atollic/truestudio for stm32 9.2.0/armtools/bin/../lib/gcc/arm-atollic-eabi/6.3.1/armv7-m/crtbegin.o

.rodata         0x0800357c       0x74
                0x0800357c                . = ALIGN (0x4)
 *(.rodata)
 .rodata        0x0800357c       0x10 Drivers\STM32F1xx_HAL_Driver\Src\stm32f1xx_hal_rcc.o
 *(.rodata*)
 .rodata.AHBPrescTable
                0x0800358c       0x10 Src\system_stm32f1xx.o
                0x0800358c                AHBPrescTable
 .rodata.CSWTCH.39
                0x0800359c        0x4 Src\usbd_conf.o
 .rodata.USBD_FS_ConfigStrDescriptor.str1.1
                0x080035a0        0xb Src\usbd_desc.o
 .rodata.USBD_FS_InterfaceStrDescriptor.str1.1
                0x080035ab        0xe Src\usbd_desc.o
 .rodata.USBD_FS_ManufacturerStrDescriptor.str1.1
                0x080035b9       0x13 Src\usbd_desc.o
 .rodata.USBD_FS_ProductStrDescriptor.str1.1
                0x080035cc       0x16 Src\usbd_desc.o
 .rodata.USBD_FS_SerialStrDescriptor.str1.1
                0x080035e2        0xd Src\usbd_desc.o
                0x080035f0                . = ALIGN (0x4)
 *fill*         0x080035ef        0x1 

.rel.dyn        0x080035f0        0x0
 .rel.iplt      0x080035f0        0x0 c:/program files (x86)/atollic/truestudio for stm32 9.2.0/armtools/bin/../lib/gcc/arm-atollic-eabi/6.3.1/armv7-m/crtbegin.o

.ARM.extab
 *(.ARM.extab* .gnu.linkonce.armextab.*)

.ARM            0x080035f0        0x0
                0x080035f0                __exidx_start = .
 *(.ARM.exidx*)
                0x080035f0                __exidx_end = .

.preinit_array  0x080035f0        0x0
                0x080035f0                PROVIDE (__preinit_array_start, .)
 *(.preinit_array*)
                0x080035f0                PROVIDE (__preinit_array_end, .)

.init_array     0x080035f0        0x4
                0x080035f0                PROVIDE (__init_array_start, .)
 *(SORT(.init_array.*))
 *(.init_array*)
 .init_array    0x080035f0        0x4 c:/program files (x86)/atollic/truestudio for stm32 9.2.0/armtools/bin/../lib/gcc/arm-atollic-eabi/6.3.1/armv7-m/crtbegin.o
                0x080035f4                PROVIDE (__init_array_end, .)

.fini_array     0x080035f4        0x4
                [!provide]                PROVIDE (__fini_array_start, .)
 *(SORT(.fini_array.*))
 *(.fini_array*)
 .fini_array    0x080035f4        0x4 c:/program files (x86)/atollic/truestudio for stm32 9.2.0/armtools/bin/../lib/gcc/arm-atollic-eabi/6.3.1/armv7-m/crtbegin.o
                [!provide]                PROVIDE (__fini_array_end, .)
                0x080035f8                _sidata = LOADADDR (.data)

.data           0x20000000      0x160 load address 0x080035f8
                0x20000000                . = ALIGN (0x4)
                0x20000000                _sdata = .
 *(.data)
 *(.data*)
 .data.uwTickFreq
                0x20000000        0x1 Drivers\STM32F1xx_HAL_Driver\Src\stm32f1xx_hal.o
                0x20000000                uwTickFreq
 *fill*         0x20000001        0x3 
 .data.uwTickPrio
                0x20000004        0x4 Drivers\STM32F1xx_HAL_Driver\Src\stm32f1xx_hal.o
                0x20000004                uwTickPrio
 .data.USBD_CDC
                0x20000008       0x38 Middlewares\ST\STM32_USB_Device_Library\Class\CDC\Src\usbd_cdc.o
                0x20000008                USBD_CDC
 .data.USBD_CDC_CfgFSDesc
                0x20000040       0x43 Middlewares\ST\STM32_USB_Device_Library\Class\CDC\Src\usbd_cdc.o
                0x20000040                USBD_CDC_CfgFSDesc
 *fill*         0x20000083        0x1 
 .data.USBD_CDC_CfgHSDesc
                0x20000084       0x43 Middlewares\ST\STM32_USB_Device_Library\Class\CDC\Src\usbd_cdc.o
                0x20000084                USBD_CDC_CfgHSDesc
 *fill*         0x200000c7        0x1 
 .data.USBD_CDC_DeviceQualifierDesc
                0x200000c8        0xa Middlewares\ST\STM32_USB_Device_Library\Class\CDC\Src\usbd_cdc.o
 *fill*         0x200000d2        0x2 
 .data.USBD_CDC_OtherSpeedCfgDesc
                0x200000d4       0x43 Middlewares\ST\STM32_USB_Device_Library\Class\CDC\Src\usbd_cdc.o
                0x200000d4                USBD_CDC_OtherSpeedCfgDesc
 *fill*         0x20000117        0x1 
 .data.SystemCoreClock
                0x20000118        0x4 Src\system_stm32f1xx.o
                0x20000118                SystemCoreClock
 .data.USBD_Interface_fops_FS
                0x2000011c       0x10 Src\usbd_cdc_if.o
                0x2000011c                USBD_Interface_fops_FS
 .data.FS_Desc  0x2000012c       0x1c Src\usbd_desc.o
                0x2000012c                FS_Desc
 .data.USBD_FS_DeviceDesc
                0x20000148       0x12 Src\usbd_desc.o
                0x20000148                USBD_FS_DeviceDesc
 *fill*         0x2000015a        0x2 
 .data.USBD_LangIDDesc
                0x2000015c        0x4 Src\usbd_desc.o
                0x2000015c                USBD_LangIDDesc
                0x20000160                . = ALIGN (0x4)
                0x20000160                _edata = .

.igot.plt       0x20000160        0x0 load address 0x08003758
 .igot.plt      0x20000160        0x0 c:/program files (x86)/atollic/truestudio for stm32 9.2.0/armtools/bin/../lib/gcc/arm-atollic-eabi/6.3.1/armv7-m/crtbegin.o
                0x20000160                . = ALIGN (0x4)

.bss            0x20000160     0x13cc load address 0x08003758
                0x20000160                _sbss = .
                0x20000160                __bss_start__ = _sbss
 *(.bss)
 .bss           0x20000160       0x1c c:/program files (x86)/atollic/truestudio for stm32 9.2.0/armtools/bin/../lib/gcc/arm-atollic-eabi/6.3.1/armv7-m/crtbegin.o
 *(.bss*)
 .bss.ifalt.8100
                0x2000017c        0x1 Middlewares\ST\STM32_USB_Device_Library\Class\CDC\Src\usbd_cdc.o
 .bss.cfgidx.8105
                0x2000017d        0x1 Middlewares\ST\STM32_USB_Device_Library\Core\Src\usbd_ctlreq.o
 *fill*         0x2000017e        0x2 
 .bss.mem.8258  0x20000180      0x220 Src\usbd_conf.o
 *(COMMON)
 COMMON         0x200003a0        0x4 Drivers\STM32F1xx_HAL_Driver\Src\stm32f1xx_hal.o
                0x200003a0                uwTick
 COMMON         0x200003a4      0x134 Src\main.o
                0x200003a4                timers
                0x200003a8                htim3
                0x200003e8                hadc1
                0x20000418                copia
                0x20000458                htim1
                0x20000498                htim2
 COMMON         0x200004d8      0x224 Src\usb_device.o
                0x200004d8                hUsbDeviceFS
 COMMON         0x200006fc      0x7d0 Src\usbd_cdc_if.o
                0x200006fc                UserRxBufferFS
                0x20000ae4                UserTxBufferFS
 COMMON         0x20000ecc      0x460 Src\usbd_conf.o
                0x20000ecc                hpcd_USB_FS
 COMMON         0x2000132c      0x200 Src\usbd_desc.o
                0x2000132c                USBD_StrDesc
                0x2000152c                . = ALIGN (0x4)
                0x2000152c                _ebss = .
                0x2000152c                __bss_end__ = _ebss

._user_heap_stack
                0x2000152c      0x600 load address 0x08003758
                0x2000152c                . = ALIGN (0x4)
                [!provide]                PROVIDE (end, .)
                [!provide]                PROVIDE (_end, .)
                0x2000172c                . = (. + _Min_Heap_Size)
 *fill*         0x2000152c      0x200 
                0x20001b2c                . = (. + _Min_Stack_Size)
 *fill*         0x2000172c      0x400 
                0x20001b2c                . = ALIGN (0x4)

/DISCARD/
 libc.a(*)
 libm.a(*)
 libgcc.a(*)

.ARM.attributes
                0x00000000       0x29
 *(.ARM.attributes)
 .ARM.attributes
                0x00000000       0x1d c:/program files (x86)/atollic/truestudio for stm32 9.2.0/armtools/bin/../lib/gcc/arm-atollic-eabi/6.3.1/armv7-m/crti.o
 .ARM.attributes
                0x0000001d       0x2d c:/program files (x86)/atollic/truestudio for stm32 9.2.0/armtools/bin/../lib/gcc/arm-atollic-eabi/6.3.1/armv7-m/crtbegin.o
 .ARM.attributes
                0x0000004a       0x33 Drivers\STM32F1xx_HAL_Driver\Src\stm32f1xx_hal.o
 .ARM.attributes
                0x0000007d       0x33 Drivers\STM32F1xx_HAL_Driver\Src\stm32f1xx_hal_adc.o
 .ARM.attributes
                0x000000b0       0x33 Drivers\STM32F1xx_HAL_Driver\Src\stm32f1xx_hal_cortex.o
 .ARM.attributes
                0x000000e3       0x33 Drivers\STM32F1xx_HAL_Driver\Src\stm32f1xx_hal_gpio.o
 .ARM.attributes
                0x00000116       0x33 Drivers\STM32F1xx_HAL_Driver\Src\stm32f1xx_hal_pcd.o
 .ARM.attributes
                0x00000149       0x33 Drivers\STM32F1xx_HAL_Driver\Src\stm32f1xx_hal_pcd_ex.o
 .ARM.attributes
                0x0000017c       0x33 Drivers\STM32F1xx_HAL_Driver\Src\stm32f1xx_hal_rcc.o
 .ARM.attributes
                0x000001af       0x33 Drivers\STM32F1xx_HAL_Driver\Src\stm32f1xx_hal_rcc_ex.o
 .ARM.attributes
                0x000001e2       0x33 Drivers\STM32F1xx_HAL_Driver\Src\stm32f1xx_hal_tim.o
 .ARM.attributes
                0x00000215       0x33 Drivers\STM32F1xx_HAL_Driver\Src\stm32f1xx_hal_tim_ex.o
 .ARM.attributes
                0x00000248       0x33 Drivers\STM32F1xx_HAL_Driver\Src\stm32f1xx_ll_usb.o
 .ARM.attributes
                0x0000027b       0x33 Middlewares\ST\STM32_USB_Device_Library\Class\CDC\Src\usbd_cdc.o
 .ARM.attributes
                0x000002ae       0x33 Middlewares\ST\STM32_USB_Device_Library\Core\Src\usbd_core.o
 .ARM.attributes
                0x000002e1       0x33 Middlewares\ST\STM32_USB_Device_Library\Core\Src\usbd_ctlreq.o
 .ARM.attributes
                0x00000314       0x33 Middlewares\ST\STM32_USB_Device_Library\Core\Src\usbd_ioreq.o
 .ARM.attributes
                0x00000347       0x33 Src\main.o
 .ARM.attributes
                0x0000037a       0x33 Src\stm32f1xx_hal_msp.o
 .ARM.attributes
                0x000003ad       0x33 Src\stm32f1xx_it.o
 .ARM.attributes
                0x000003e0       0x33 Src\system_stm32f1xx.o
 .ARM.attributes
                0x00000413       0x33 Src\usb_device.o
 .ARM.attributes
                0x00000446       0x33 Src\usbd_cdc_if.o
 .ARM.attributes
                0x00000479       0x33 Src\usbd_conf.o
 .ARM.attributes
                0x000004ac       0x33 Src\usbd_desc.o
 .ARM.attributes
                0x000004df       0x21 startup\startup_stm32f103xb.o
 .ARM.attributes
                0x00000500       0x2d c:/program files (x86)/atollic/truestudio for stm32 9.2.0/armtools/bin/../lib/gcc/arm-atollic-eabi/6.3.1/../../../../arm-atollic-eabi/lib/armv7-m\libc_nano.a(lib_a-init.o)
 .ARM.attributes
                0x0000052d       0x2d c:/program files (x86)/atollic/truestudio for stm32 9.2.0/armtools/bin/../lib/gcc/arm-atollic-eabi/6.3.1/../../../../arm-atollic-eabi/lib/armv7-m\libc_nano.a(lib_a-memset.o)
 .ARM.attributes
                0x0000055a       0x1d c:/program files (x86)/atollic/truestudio for stm32 9.2.0/armtools/bin/../lib/gcc/arm-atollic-eabi/6.3.1/armv7-m/crtn.o
OUTPUT(Maquinas.elf elf32-littlearm)

.debug_info     0x00000000    0x1edb2
 .debug_info    0x00000000      0xfc8 Drivers\STM32F1xx_HAL_Driver\Src\stm32f1xx_hal.o
 .debug_info    0x00000fc8     0x16a1 Drivers\STM32F1xx_HAL_Driver\Src\stm32f1xx_hal_adc.o
 .debug_info    0x00002669     0x14a9 Drivers\STM32F1xx_HAL_Driver\Src\stm32f1xx_hal_cortex.o
 .debug_info    0x00003b12      0xec2 Drivers\STM32F1xx_HAL_Driver\Src\stm32f1xx_hal_gpio.o
 .debug_info    0x000049d4     0x19bf Drivers\STM32F1xx_HAL_Driver\Src\stm32f1xx_hal_pcd.o
 .debug_info    0x00006393      0xe43 Drivers\STM32F1xx_HAL_Driver\Src\stm32f1xx_hal_pcd_ex.o
 .debug_info    0x000071d6     0x123d Drivers\STM32F1xx_HAL_Driver\Src\stm32f1xx_hal_rcc.o
 .debug_info    0x00008413      0xc9d Drivers\STM32F1xx_HAL_Driver\Src\stm32f1xx_hal_rcc_ex.o
 .debug_info    0x000090b0     0x3bb9 Drivers\STM32F1xx_HAL_Driver\Src\stm32f1xx_hal_tim.o
 .debug_info    0x0000cc69     0x1989 Drivers\STM32F1xx_HAL_Driver\Src\stm32f1xx_hal_tim_ex.o
 .debug_info    0x0000e5f2     0x1746 Drivers\STM32F1xx_HAL_Driver\Src\stm32f1xx_ll_usb.o
 .debug_info    0x0000fd38     0x153c Middlewares\ST\STM32_USB_Device_Library\Class\CDC\Src\usbd_cdc.o
 .debug_info    0x00011274     0x14ac Middlewares\ST\STM32_USB_Device_Library\Core\Src\usbd_core.o
 .debug_info    0x00012720     0x14df Middlewares\ST\STM32_USB_Device_Library\Core\Src\usbd_ctlreq.o
 .debug_info    0x00013bff     0x100b Middlewares\ST\STM32_USB_Device_Library\Core\Src\usbd_ioreq.o
 .debug_info    0x00014c0a     0x1dcd Src\main.o
 .debug_info    0x000169d7     0x162a Src\stm32f1xx_hal_msp.o
 .debug_info    0x00018001     0x12d2 Src\stm32f1xx_it.o
 .debug_info    0x000192d3      0xc4d Src\system_stm32f1xx.o
 .debug_info    0x00019f20      0xebf Src\usb_device.o
 .debug_info    0x0001addf     0x1119 Src\usbd_cdc_if.o
 .debug_info    0x0001bef8     0x2091 Src\usbd_conf.o
 .debug_info    0x0001df89      0xdc0 Src\usbd_desc.o
 .debug_info    0x0001ed49       0x69 startup\startup_stm32f103xb.o

.debug_abbrev   0x00000000     0x410b
 .debug_abbrev  0x00000000      0x315 Drivers\STM32F1xx_HAL_Driver\Src\stm32f1xx_hal.o
 .debug_abbrev  0x00000315      0x2fb Drivers\STM32F1xx_HAL_Driver\Src\stm32f1xx_hal_adc.o
 .debug_abbrev  0x00000610      0x399 Drivers\STM32F1xx_HAL_Driver\Src\stm32f1xx_hal_cortex.o
 .debug_abbrev  0x000009a9      0x268 Drivers\STM32F1xx_HAL_Driver\Src\stm32f1xx_hal_gpio.o
 .debug_abbrev  0x00000c11      0x39a Drivers\STM32F1xx_HAL_Driver\Src\stm32f1xx_hal_pcd.o
 .debug_abbrev  0x00000fab      0x1f5 Drivers\STM32F1xx_HAL_Driver\Src\stm32f1xx_hal_pcd_ex.o
 .debug_abbrev  0x000011a0      0x367 Drivers\STM32F1xx_HAL_Driver\Src\stm32f1xx_hal_rcc.o
 .debug_abbrev  0x00001507      0x277 Drivers\STM32F1xx_HAL_Driver\Src\stm32f1xx_hal_rcc_ex.o
 .debug_abbrev  0x0000177e      0x3bb Drivers\STM32F1xx_HAL_Driver\Src\stm32f1xx_hal_tim.o
 .debug_abbrev  0x00001b39      0x30d Drivers\STM32F1xx_HAL_Driver\Src\stm32f1xx_hal_tim_ex.o
 .debug_abbrev  0x00001e46      0x31c Drivers\STM32F1xx_HAL_Driver\Src\stm32f1xx_ll_usb.o
 .debug_abbrev  0x00002162      0x2e8 Middlewares\ST\STM32_USB_Device_Library\Class\CDC\Src\usbd_cdc.o
 .debug_abbrev  0x0000244a      0x308 Middlewares\ST\STM32_USB_Device_Library\Core\Src\usbd_core.o
 .debug_abbrev  0x00002752      0x3aa Middlewares\ST\STM32_USB_Device_Library\Core\Src\usbd_ctlreq.o
 .debug_abbrev  0x00002afc      0x1da Middlewares\ST\STM32_USB_Device_Library\Core\Src\usbd_ioreq.o
 .debug_abbrev  0x00002cd6      0x36f Src\main.o
 .debug_abbrev  0x00003045      0x28a Src\stm32f1xx_hal_msp.o
 .debug_abbrev  0x000032cf      0x222 Src\stm32f1xx_it.o
 .debug_abbrev  0x000034f1      0x1eb Src\system_stm32f1xx.o
 .debug_abbrev  0x000036dc      0x1e4 Src\usb_device.o
 .debug_abbrev  0x000038c0      0x2d4 Src\usbd_cdc_if.o
 .debug_abbrev  0x00003b94      0x2ea Src\usbd_conf.o
 .debug_abbrev  0x00003e7e      0x27b Src\usbd_desc.o
 .debug_abbrev  0x000040f9       0x12 startup\startup_stm32f103xb.o

.debug_loc      0x00000000     0x8adc
 .debug_loc     0x00000000      0x11b Drivers\STM32F1xx_HAL_Driver\Src\stm32f1xx_hal.o
 .debug_loc     0x0000011b      0x873 Drivers\STM32F1xx_HAL_Driver\Src\stm32f1xx_hal_adc.o
 .debug_loc     0x0000098e      0x46b Drivers\STM32F1xx_HAL_Driver\Src\stm32f1xx_hal_cortex.o
 .debug_loc     0x00000df9      0x36a Drivers\STM32F1xx_HAL_Driver\Src\stm32f1xx_hal_gpio.o
 .debug_loc     0x00001163      0x995 Drivers\STM32F1xx_HAL_Driver\Src\stm32f1xx_hal_pcd.o
 .debug_loc     0x00001af8       0xe0 Drivers\STM32F1xx_HAL_Driver\Src\stm32f1xx_hal_pcd_ex.o
 .debug_loc     0x00001bd8      0x4c3 Drivers\STM32F1xx_HAL_Driver\Src\stm32f1xx_hal_rcc.o
 .debug_loc     0x0000209b      0x29d Drivers\STM32F1xx_HAL_Driver\Src\stm32f1xx_hal_rcc_ex.o
 .debug_loc     0x00002338     0x300c Drivers\STM32F1xx_HAL_Driver\Src\stm32f1xx_hal_tim.o
 .debug_loc     0x00005344      0x822 Drivers\STM32F1xx_HAL_Driver\Src\stm32f1xx_hal_tim_ex.o
 .debug_loc     0x00005b66      0xb9c Drivers\STM32F1xx_HAL_Driver\Src\stm32f1xx_ll_usb.o
 .debug_loc     0x00006702      0x4cf Middlewares\ST\STM32_USB_Device_Library\Class\CDC\Src\usbd_cdc.o
 .debug_loc     0x00006bd1      0x5f2 Middlewares\ST\STM32_USB_Device_Library\Core\Src\usbd_core.o
 .debug_loc     0x000071c3      0x7cd Middlewares\ST\STM32_USB_Device_Library\Core\Src\usbd_ctlreq.o
 .debug_loc     0x00007990      0x23c Middlewares\ST\STM32_USB_Device_Library\Core\Src\usbd_ioreq.o
 .debug_loc     0x00007bcc       0x62 Src\main.o
 .debug_loc     0x00007c2e       0xe7 Src\stm32f1xx_hal_msp.o
 .debug_loc     0x00007d15       0xcd Src\system_stm32f1xx.o
 .debug_loc     0x00007de2      0x122 Src\usbd_cdc_if.o
 .debug_loc     0x00007f04      0x965 Src\usbd_conf.o
 .debug_loc     0x00008869      0x273 Src\usbd_desc.o

.debug_aranges  0x00000000      0xd08
 .debug_aranges
                0x00000000       0xc8 Drivers\STM32F1xx_HAL_Driver\Src\stm32f1xx_hal.o
 .debug_aranges
                0x000000c8       0xc8 Drivers\STM32F1xx_HAL_Driver\Src\stm32f1xx_hal_adc.o
 .debug_aranges
                0x00000190       0x90 Drivers\STM32F1xx_HAL_Driver\Src\stm32f1xx_hal_cortex.o
 .debug_aranges
                0x00000220       0x58 Drivers\STM32F1xx_HAL_Driver\Src\stm32f1xx_hal_gpio.o
 .debug_aranges
                0x00000278       0xc0 Drivers\STM32F1xx_HAL_Driver\Src\stm32f1xx_hal_pcd.o
 .debug_aranges
                0x00000338       0x28 Drivers\STM32F1xx_HAL_Driver\Src\stm32f1xx_hal_pcd_ex.o
 .debug_aranges
                0x00000360       0x88 Drivers\STM32F1xx_HAL_Driver\Src\stm32f1xx_hal_rcc.o
 .debug_aranges
                0x000003e8       0x30 Drivers\STM32F1xx_HAL_Driver\Src\stm32f1xx_hal_rcc_ex.o
 .debug_aranges
                0x00000418      0x250 Drivers\STM32F1xx_HAL_Driver\Src\stm32f1xx_hal_tim.o
 .debug_aranges
                0x00000668       0xe8 Drivers\STM32F1xx_HAL_Driver\Src\stm32f1xx_hal_tim_ex.o
 .debug_aranges
                0x00000750       0xe0 Drivers\STM32F1xx_HAL_Driver\Src\stm32f1xx_ll_usb.o
 .debug_aranges
                0x00000830       0x90 Middlewares\ST\STM32_USB_Device_Library\Class\CDC\Src\usbd_cdc.o
 .debug_aranges
                0x000008c0       0xa8 Middlewares\ST\STM32_USB_Device_Library\Core\Src\usbd_core.o
 .debug_aranges
                0x00000968       0x50 Middlewares\ST\STM32_USB_Device_Library\Core\Src\usbd_ctlreq.o
 .debug_aranges
                0x000009b8       0x50 Middlewares\ST\STM32_USB_Device_Library\Core\Src\usbd_ioreq.o
 .debug_aranges
                0x00000a08       0x48 Src\main.o
 .debug_aranges
                0x00000a50       0x48 Src\stm32f1xx_hal_msp.o
 .debug_aranges
                0x00000a98       0x58 Src\stm32f1xx_it.o
 .debug_aranges
                0x00000af0       0x28 Src\system_stm32f1xx.o
 .debug_aranges
                0x00000b18       0x20 Src\usb_device.o
 .debug_aranges
                0x00000b38       0x48 Src\usbd_cdc_if.o
 .debug_aranges
                0x00000b80      0x110 Src\usbd_conf.o
 .debug_aranges
                0x00000c90       0x50 Src\usbd_desc.o
 .debug_aranges
                0x00000ce0       0x28 startup\startup_stm32f103xb.o

.debug_ranges   0x00000000     0x11f8
 .debug_ranges  0x00000000       0xb8 Drivers\STM32F1xx_HAL_Driver\Src\stm32f1xx_hal.o
 .debug_ranges  0x000000b8       0xb8 Drivers\STM32F1xx_HAL_Driver\Src\stm32f1xx_hal_adc.o
 .debug_ranges  0x00000170      0x128 Drivers\STM32F1xx_HAL_Driver\Src\stm32f1xx_hal_cortex.o
 .debug_ranges  0x00000298       0x60 Drivers\STM32F1xx_HAL_Driver\Src\stm32f1xx_hal_gpio.o
 .debug_ranges  0x000002f8      0x118 Drivers\STM32F1xx_HAL_Driver\Src\stm32f1xx_hal_pcd.o
 .debug_ranges  0x00000410       0x18 Drivers\STM32F1xx_HAL_Driver\Src\stm32f1xx_hal_pcd_ex.o
 .debug_ranges  0x00000428       0xa0 Drivers\STM32F1xx_HAL_Driver\Src\stm32f1xx_hal_rcc.o
 .debug_ranges  0x000004c8       0x40 Drivers\STM32F1xx_HAL_Driver\Src\stm32f1xx_hal_rcc_ex.o
 .debug_ranges  0x00000508      0x340 Drivers\STM32F1xx_HAL_Driver\Src\stm32f1xx_hal_tim.o
 .debug_ranges  0x00000848       0xd8 Drivers\STM32F1xx_HAL_Driver\Src\stm32f1xx_hal_tim_ex.o
 .debug_ranges  0x00000920      0x260 Drivers\STM32F1xx_HAL_Driver\Src\stm32f1xx_ll_usb.o
 .debug_ranges  0x00000b80       0x80 Middlewares\ST\STM32_USB_Device_Library\Class\CDC\Src\usbd_cdc.o
 .debug_ranges  0x00000c00       0x98 Middlewares\ST\STM32_USB_Device_Library\Core\Src\usbd_core.o
 .debug_ranges  0x00000c98       0xc0 Middlewares\ST\STM32_USB_Device_Library\Core\Src\usbd_ctlreq.o
 .debug_ranges  0x00000d58       0x40 Middlewares\ST\STM32_USB_Device_Library\Core\Src\usbd_ioreq.o
 .debug_ranges  0x00000d98      0x128 Src\main.o
 .debug_ranges  0x00000ec0      0x108 Src\stm32f1xx_hal_msp.o
 .debug_ranges  0x00000fc8       0x48 Src\stm32f1xx_it.o
 .debug_ranges  0x00001010       0x18 Src\system_stm32f1xx.o
 .debug_ranges  0x00001028       0x10 Src\usb_device.o
 .debug_ranges  0x00001038       0x38 Src\usbd_cdc_if.o
 .debug_ranges  0x00001070      0x128 Src\usbd_conf.o
 .debug_ranges  0x00001198       0x40 Src\usbd_desc.o
 .debug_ranges  0x000011d8       0x20 startup\startup_stm32f103xb.o

.debug_line     0x00000000     0x7bc6
 .debug_line    0x00000000      0x45f Drivers\STM32F1xx_HAL_Driver\Src\stm32f1xx_hal.o
 .debug_line    0x0000045f      0x86c Drivers\STM32F1xx_HAL_Driver\Src\stm32f1xx_hal_adc.o
 .debug_line    0x00000ccb      0x469 Drivers\STM32F1xx_HAL_Driver\Src\stm32f1xx_hal_cortex.o
 .debug_line    0x00001134      0x45e Drivers\STM32F1xx_HAL_Driver\Src\stm32f1xx_hal_gpio.o
 .debug_line    0x00001592      0x702 Drivers\STM32F1xx_HAL_Driver\Src\stm32f1xx_hal_pcd.o
 .debug_line    0x00001c94      0x2ff Drivers\STM32F1xx_HAL_Driver\Src\stm32f1xx_hal_pcd_ex.o
 .debug_line    0x00001f93      0x639 Drivers\STM32F1xx_HAL_Driver\Src\stm32f1xx_hal_rcc.o
 .debug_line    0x000025cc      0x3cc Drivers\STM32F1xx_HAL_Driver\Src\stm32f1xx_hal_rcc_ex.o
 .debug_line    0x00002998     0x115f Drivers\STM32F1xx_HAL_Driver\Src\stm32f1xx_hal_tim.o
 .debug_line    0x00003af7      0x701 Drivers\STM32F1xx_HAL_Driver\Src\stm32f1xx_hal_tim_ex.o
 .debug_line    0x000041f8      0x628 Drivers\STM32F1xx_HAL_Driver\Src\stm32f1xx_ll_usb.o
 .debug_line    0x00004820      0x543 Middlewares\ST\STM32_USB_Device_Library\Class\CDC\Src\usbd_cdc.o
 .debug_line    0x00004d63      0x52d Middlewares\ST\STM32_USB_Device_Library\Core\Src\usbd_core.o
 .debug_line    0x00005290      0x4ad Middlewares\ST\STM32_USB_Device_Library\Core\Src\usbd_ctlreq.o
 .debug_line    0x0000573d      0x3c3 Middlewares\ST\STM32_USB_Device_Library\Core\Src\usbd_ioreq.o
 .debug_line    0x00005b00      0x524 Src\main.o
 .debug_line    0x00006024      0x3ba Src\stm32f1xx_hal_msp.o
 .debug_line    0x000063de      0x359 Src\stm32f1xx_it.o
 .debug_line    0x00006737      0x2bf Src\system_stm32f1xx.o
 .debug_line    0x000069f6      0x38e Src\usb_device.o
 .debug_line    0x00006d84      0x3d1 Src\usbd_cdc_if.o
 .debug_line    0x00007155      0x651 Src\usbd_conf.o
 .debug_line    0x000077a6      0x3a3 Src\usbd_desc.o
 .debug_line    0x00007b49       0x7d startup\startup_stm32f103xb.o

.debug_str      0x00000000     0x4743
 .debug_str     0x00000000      0xbb8 Drivers\STM32F1xx_HAL_Driver\Src\stm32f1xx_hal.o
                                0xc5f (size before relaxing)
 .debug_str     0x00000bb8      0x668 Drivers\STM32F1xx_HAL_Driver\Src\stm32f1xx_hal_adc.o
                                0xd7b (size before relaxing)
 .debug_str     0x00001220      0x2e1 Drivers\STM32F1xx_HAL_Driver\Src\stm32f1xx_hal_cortex.o
                                0xd87 (size before relaxing)
 .debug_str     0x00001501      0x1c9 Drivers\STM32F1xx_HAL_Driver\Src\stm32f1xx_hal_gpio.o
                                0x8f4 (size before relaxing)
 .debug_str     0x000016ca      0x797 Drivers\STM32F1xx_HAL_Driver\Src\stm32f1xx_hal_pcd.o
                                0xeee (size before relaxing)
 .debug_str     0x00001e61       0x57 Drivers\STM32F1xx_HAL_Driver\Src\stm32f1xx_hal_pcd_ex.o
                                0xa19 (size before relaxing)
 .debug_str     0x00001eb8      0x317 Drivers\STM32F1xx_HAL_Driver\Src\stm32f1xx_hal_rcc.o
                                0xad2 (size before relaxing)
 .debug_str     0x000021cf      0x110 Drivers\STM32F1xx_HAL_Driver\Src\stm32f1xx_hal_rcc_ex.o
                                0x8af (size before relaxing)
 .debug_str     0x000022df      0xf05 Drivers\STM32F1xx_HAL_Driver\Src\stm32f1xx_hal_tim.o
                               0x1823 (size before relaxing)
 .debug_str     0x000031e4      0x4f1 Drivers\STM32F1xx_HAL_Driver\Src\stm32f1xx_hal_tim_ex.o
                               0x10c5 (size before relaxing)
 .debug_str     0x000036d5      0x155 Drivers\STM32F1xx_HAL_Driver\Src\stm32f1xx_ll_usb.o
                                0xbec (size before relaxing)
 .debug_str     0x0000382a      0x64f Middlewares\ST\STM32_USB_Device_Library\Class\CDC\Src\usbd_cdc.o
                                0xd98 (size before relaxing)
 .debug_str     0x00003e79      0x2a0 Middlewares\ST\STM32_USB_Device_Library\Core\Src\usbd_core.o
                                0xd0a (size before relaxing)
 .debug_str     0x00004119      0x12e Middlewares\ST\STM32_USB_Device_Library\Core\Src\usbd_ctlreq.o
                                0xc24 (size before relaxing)
 .debug_str     0x00004247       0x51 Middlewares\ST\STM32_USB_Device_Library\Core\Src\usbd_ioreq.o
                                0xb51 (size before relaxing)
 .debug_str     0x00004298      0x155 Src\main.o
                               0x12ab (size before relaxing)
 .debug_str     0x000043ed       0x25 Src\stm32f1xx_hal_msp.o
                                0xfb7 (size before relaxing)
 .debug_str     0x00004412       0xdd Src\stm32f1xx_it.o
                                0xde0 (size before relaxing)
 .debug_str     0x000044ef       0x4d Src\system_stm32f1xx.o
                                0x75d (size before relaxing)
 .debug_str     0x0000453c       0x38 Src\usb_device.o
                                0xaea (size before relaxing)
 .debug_str     0x00004574       0x7b Src\usbd_cdc_if.o
                                0xbf9 (size before relaxing)
 .debug_str     0x000045ef       0x46 Src\usbd_conf.o
                               0x15ea (size before relaxing)
 .debug_str     0x00004635      0x10e Src\usbd_desc.o
                                0x8c5 (size before relaxing)

.comment        0x00000000       0x7c
 .comment       0x00000000       0x7c Drivers\STM32F1xx_HAL_Driver\Src\stm32f1xx_hal.o
                                 0x7d (size before relaxing)
 .comment       0x0000007c       0x7d Drivers\STM32F1xx_HAL_Driver\Src\stm32f1xx_hal_adc.o
 .comment       0x0000007c       0x7d Drivers\STM32F1xx_HAL_Driver\Src\stm32f1xx_hal_cortex.o
 .comment       0x0000007c       0x7d Drivers\STM32F1xx_HAL_Driver\Src\stm32f1xx_hal_gpio.o
 .comment       0x0000007c       0x7d Drivers\STM32F1xx_HAL_Driver\Src\stm32f1xx_hal_pcd.o
 .comment       0x0000007c       0x7d Drivers\STM32F1xx_HAL_Driver\Src\stm32f1xx_hal_pcd_ex.o
 .comment       0x0000007c       0x7d Drivers\STM32F1xx_HAL_Driver\Src\stm32f1xx_hal_rcc.o
 .comment       0x0000007c       0x7d Drivers\STM32F1xx_HAL_Driver\Src\stm32f1xx_hal_rcc_ex.o
 .comment       0x0000007c       0x7d Drivers\STM32F1xx_HAL_Driver\Src\stm32f1xx_hal_tim.o
 .comment       0x0000007c       0x7d Drivers\STM32F1xx_HAL_Driver\Src\stm32f1xx_hal_tim_ex.o
 .comment       0x0000007c       0x7d Drivers\STM32F1xx_HAL_Driver\Src\stm32f1xx_ll_usb.o
 .comment       0x0000007c       0x7d Middlewares\ST\STM32_USB_Device_Library\Class\CDC\Src\usbd_cdc.o
 .comment       0x0000007c       0x7d Middlewares\ST\STM32_USB_Device_Library\Core\Src\usbd_core.o
 .comment       0x0000007c       0x7d Middlewares\ST\STM32_USB_Device_Library\Core\Src\usbd_ctlreq.o
 .comment       0x0000007c       0x7d Middlewares\ST\STM32_USB_Device_Library\Core\Src\usbd_ioreq.o
 .comment       0x0000007c       0x7d Src\main.o
 .comment       0x0000007c       0x7d Src\stm32f1xx_hal_msp.o
 .comment       0x0000007c       0x7d Src\stm32f1xx_it.o
 .comment       0x0000007c       0x7d Src\system_stm32f1xx.o
 .comment       0x0000007c       0x7d Src\usb_device.o
 .comment       0x0000007c       0x7d Src\usbd_cdc_if.o
 .comment       0x0000007c       0x7d Src\usbd_conf.o
 .comment       0x0000007c       0x7d Src\usbd_desc.o

.debug_frame    0x00000000     0x2388
 .debug_frame   0x00000000      0x1b0 Drivers\STM32F1xx_HAL_Driver\Src\stm32f1xx_hal.o
 .debug_frame   0x000001b0      0x298 Drivers\STM32F1xx_HAL_Driver\Src\stm32f1xx_hal_adc.o
 .debug_frame   0x00000448      0x120 Drivers\STM32F1xx_HAL_Driver\Src\stm32f1xx_hal_cortex.o
 .debug_frame   0x00000568       0xd4 Drivers\STM32F1xx_HAL_Driver\Src\stm32f1xx_hal_gpio.o
 .debug_frame   0x0000063c      0x2c4 Drivers\STM32F1xx_HAL_Driver\Src\stm32f1xx_hal_pcd.o
 .debug_frame   0x00000900       0x30 Drivers\STM32F1xx_HAL_Driver\Src\stm32f1xx_hal_pcd_ex.o
 .debug_frame   0x00000930      0x150 Drivers\STM32F1xx_HAL_Driver\Src\stm32f1xx_hal_rcc.o
 .debug_frame   0x00000a80       0x6c Drivers\STM32F1xx_HAL_Driver\Src\stm32f1xx_hal_rcc_ex.o
 .debug_frame   0x00000aec      0x854 Drivers\STM32F1xx_HAL_Driver\Src\stm32f1xx_hal_tim.o
 .debug_frame   0x00001340      0x320 Drivers\STM32F1xx_HAL_Driver\Src\stm32f1xx_hal_tim_ex.o
 .debug_frame   0x00001660      0x22c Drivers\STM32F1xx_HAL_Driver\Src\stm32f1xx_ll_usb.o
 .debug_frame   0x0000188c      0x14c Middlewares\ST\STM32_USB_Device_Library\Class\CDC\Src\usbd_cdc.o
 .debug_frame   0x000019d8      0x1c0 Middlewares\ST\STM32_USB_Device_Library\Core\Src\usbd_core.o
 .debug_frame   0x00001b98       0xcc Middlewares\ST\STM32_USB_Device_Library\Core\Src\usbd_ctlreq.o
 .debug_frame   0x00001c64       0xb8 Middlewares\ST\STM32_USB_Device_Library\Core\Src\usbd_ioreq.o
 .debug_frame   0x00001d1c       0x9c Src\main.o
 .debug_frame   0x00001db8       0xa8 Src\stm32f1xx_hal_msp.o
 .debug_frame   0x00001e60       0xc0 Src\stm32f1xx_it.o
 .debug_frame   0x00001f20       0x30 Src\system_stm32f1xx.o
 .debug_frame   0x00001f50       0x2c Src\usb_device.o
 .debug_frame   0x00001f7c       0x94 Src\usbd_cdc_if.o
 .debug_frame   0x00002010      0x284 Src\usbd_conf.o
 .debug_frame   0x00002294       0xa8 Src\usbd_desc.o
 .debug_frame   0x0000233c       0x2c c:/program files (x86)/atollic/truestudio for stm32 9.2.0/armtools/bin/../lib/gcc/arm-atollic-eabi/6.3.1/../../../../arm-atollic-eabi/lib/armv7-m\libc_nano.a(lib_a-init.o)
 .debug_frame   0x00002368       0x20 c:/program files (x86)/atollic/truestudio for stm32 9.2.0/armtools/bin/../lib/gcc/arm-atollic-eabi/6.3.1/../../../../arm-atollic-eabi/lib/armv7-m\libc_nano.a(lib_a-memset.o)
